// Jest Snapshot v1, https://goo.gl/fbAQLP

exports[`RadioButtonGroup renders properly 1`] = `
<View
  accessibilityRole="radiogroup"
  style={Object {}}
>
  <View
    accessibilityLiveRegion="polite"
    accessibilityRole="radio"
    accessibilityState={
      Object {
        "checked": true,
        "disabled": false,
      }
    }
    accessible={true}
    focusable={true}
    onClick={[Function]}
    onResponderGrant={[Function]}
    onResponderMove={[Function]}
    onResponderRelease={[Function]}
    onResponderTerminate={[Function]}
    onResponderTerminationRequest={[Function]}
    onStartShouldSetResponder={[Function]}
    style={
      Array [
        Object {
          "overflow": "hidden",
        },
        Object {
          "animationDuration": 100,
          "animationScale": 1,
          "borderRadius": 18,
          "container": Object {
            "borderRadius": 20,
          },
          "dot": Object {
            "borderRadius": 5,
            "height": 10,
            "width": 10,
          },
          "padding": 6,
          "paddingHorizontal": 16,
          "paddingVertical": 8,
          "radio": Object {
            "borderRadius": 10,
            "height": 20,
            "margin": 8,
            "width": 20,
          },
          "radioContainer": Object {
            "alignItems": "center",
            "justifyContent": "center",
          },
          "uncheckedColor": "rgba(73, 69, 79, 1)",
        },
      ]
    }
  >
    <View
      style={
        Object {
          "opacity": 1,
        }
      }
    >
      <Text
        allowFontScaling={false}
        color="rgba(103, 80, 164, 1)"
        name="check"
        size={24}
        style={
          Object {
            "animationScale": 1,
          }
        }
      />
    </View>
  </View>
</View>
`;
