// Jest Snapshot v1, https://goo.gl/fbAQLP

exports[`TimePickerModal renders TimePickerModal component with hours value 10 and minutes value 15 1`] = `
<Modal
  animationType="none"
  hardwareAccelerated={false}
  onRequestClose={[MockFunction]}
  presentationStyle="overFullScreen"
  statusBarTranslucent={true}
  supportedOrientations={
    Array [
      "portrait",
      "portrait-upside-down",
      "landscape",
      "landscape-left",
      "landscape-right",
    ]
  }
  transparent={true}
  visible={false}
/>
`;
