// Jest Snapshot v1, https://goo.gl/fbAQLP

exports[`DatePickerInline renders DatePickerInline component with multiple mode 1`] = `
<View
  style={
    Array [
      Object {
        "minHeight": 360,
        "minWidth": 360,
      },
      Object {
        "headerBackgroundColor": "rgba(255, 251, 254, 1)",
        "roundness": 4,
      },
    ]
  }
>
  <View
    style={
      Array [
        Object {
          "flex": 1,
        },
        Object {
          "container": Object {
            "minHeight": 360,
            "minWidth": 360,
          },
          "headerBackgroundColor": "rgba(255, 251, 254, 1)",
          "roundness": 4,
        },
      ]
    }
  >
    <View
      onLayout={[Function]}
      style={
        Array [
          Object {
            "flex": 1,
            "overflow": "hidden",
          },
          null,
        ]
      }
    />
  </View>
</View>
`;

exports[`DatePickerInline renders DatePickerInline component with range mode 1`] = `
<View
  style={
    Array [
      Object {
        "minHeight": 360,
        "minWidth": 360,
      },
      Object {
        "headerBackgroundColor": "rgba(255, 251, 254, 1)",
        "roundness": 4,
      },
    ]
  }
>
  <View
    style={
      Array [
        Object {
          "flex": 1,
        },
        Object {
          "container": Object {
            "minHeight": 360,
            "minWidth": 360,
          },
          "headerBackgroundColor": "rgba(255, 251, 254, 1)",
          "roundness": 4,
        },
      ]
    }
  >
    <View
      onLayout={[Function]}
      style={
        Array [
          Object {
            "flex": 1,
            "overflow": "hidden",
          },
          null,
        ]
      }
    />
  </View>
</View>
`;

exports[`DatePickerInline renders DatePickerInline component with single mode 1`] = `
<View
  style={
    Array [
      Object {
        "minHeight": 360,
        "minWidth": 360,
      },
      Object {
        "headerBackgroundColor": "rgba(255, 251, 254, 1)",
        "roundness": 4,
      },
    ]
  }
>
  <View
    style={
      Array [
        Object {
          "flex": 1,
        },
        Object {
          "container": Object {
            "minHeight": 360,
            "minWidth": 360,
          },
          "headerBackgroundColor": "rgba(255, 251, 254, 1)",
          "roundness": 4,
        },
      ]
    }
  >
    <View
      onLayout={[Function]}
      style={
        Array [
          Object {
            "flex": 1,
            "overflow": "hidden",
          },
          null,
        ]
      }
    />
  </View>
</View>
`;
