// Jest Snapshot v1, https://goo.gl/fbAQLP

exports[`DatePickerModal renders DatePickerModal component with range mode 1`] = `
<View
  pointerEvents="box-none"
  style={
    Object {
      "bottom": 0,
      "left": 0,
      "position": "absolute",
      "right": 0,
      "top": 0,
    }
  }
>
  <Modal
    animationType="slide"
    hardwareAccelerated={false}
    onRequestClose={[MockFunction]}
    presentationStyle="overFullScreen"
    statusBarTranslucent={true}
    supportedOrientations={
      Array [
        "portrait",
        "portrait-upside-down",
        "landscape",
        "landscape-left",
        "landscape-right",
      ]
    }
    transparent={true}
    visible={false}
  />
</View>
`;
